TAP version 13
# Subtest: PostgreSQL fixture: exact video approval is atomic and rejects stale or foreign artifacts
    # Subtest: current owned reviewed 10s bytes publish both records together
    ok 1 - current owned reviewed 10s bytes publish both records together
      ---
      duration_ms: 101.1034
      type: 'test'
      ...
    # Subtest: raw 8s fails closed with neither record approved
    ok 2 - raw 8s fails closed with neither record approved
      ---
      duration_ms: 44.5665
      type: 'test'
      ...
    # Subtest: unverified fails closed with neither record approved
    ok 3 - unverified fails closed with neither record approved
      ---
      duration_ms: 49.6255
      type: 'test'
      ...
    # Subtest: foreign output fails closed with neither record approved
    ok 4 - foreign output fails closed with neither record approved
      ---
      duration_ms: 45.5851
      type: 'test'
      ...
    # Subtest: old job fails closed with neither record approved
    ok 5 - old job fails closed with neither record approved
      ---
      duration_ms: 87.2804
      type: 'test'
      ...
    # Subtest: wrong aspect fails closed with neither record approved
    ok 6 - wrong aspect fails closed with neither record approved
      ---
      duration_ms: 78.5358
      type: 'test'
      ...
    # Subtest: old revision fails closed with neither record approved
    ok 7 - old revision fails closed with neither record approved
      ---
      duration_ms: 49.7172
      type: 'test'
      ...
    # Subtest: storage absent fails closed with neither record approved
    ok 8 - storage absent fails closed with neither record approved
      ---
      duration_ms: 67.3748
      type: 'test'
      ...
    # Subtest: wrong SHA and foreign caller cannot release bytes
    ok 9 - wrong SHA and foreign caller cannot release bytes
      ---
      duration_ms: 33.3711
      type: 'test'
      ...
    1..9
ok 1 - PostgreSQL fixture: exact video approval is atomic and rejects stale or foreign artifacts
  ---
  duration_ms: 10103.5396
  type: 'test'
  ...
1..1
# tests 10
# suites 0
# pass 10
# fail 0
# cancelled 0
# skipped 0
# todo 0
# duration_ms 13502.4187
