
> @wa/landing@0.0.0 prebuild
> node scripts/verify-assets.cjs

25 active assets verified; 6 final media slots pending.

> @wa/landing@0.0.0 build
> next build --webpack

▲ Next.js 16.3.4 (webpack)
✓ Running next.config.ts took 410ms

  Creating an optimized production build ...
✓ Compiled successfully in 77s
  Running TypeScript ...
  Finished TypeScript in 42s ...
  Collecting page data using 6 workers ...
  Generating static pages using 6 workers (0/5) ...
  Generating static pages using 6 workers (1/5) 
  Generating static pages using 6 workers (2/5) 
  Generating static pages using 6 workers (3/5) 
✓ Generating static pages using 6 workers (5/5) in 14.4s
  Finalizing page optimization ...
  Collecting build traces ...

Route (app)
┌ ○ /
├ ○ /_not-found
└ ○ /visual-lab


○  (Static)  prerendered as static content

