TAP version 13
# Subtest: matching replaced document with composer completes
ok 1 - matching replaced document with composer completes
  ---
  duration_ms: 8.1254
  type: 'test'
  ...
# Subtest: wrong target remains blocked and diagnostics contain no conversation data
ok 2 - wrong target remains blocked and diagnostics contain no conversation data
  ---
  duration_ms: 51.6611
  type: 'test'
  ...
# Subtest: matching URL without composer remains blocked
ok 3 - matching URL without composer remains blocked
  ---
  duration_ms: 39.9564
  type: 'test'
  ...
# Subtest: closed transport exits immediately instead of polling stale target state
ok 4 - closed transport exits immediately instead of polling stale target state
  ---
  duration_ms: 2.8235
  type: 'test'
  ...
# Subtest: reconnect uses only original target despite another active customer tab
ok 5 - reconnect uses only original target despite another active customer tab
  ---
  duration_ms: 7.5824
  type: 'test'
  ...
# Subtest: lost or repurposed target fails closed without connecting to another conversation
ok 6 - lost or repurposed target fails closed without connecting to another conversation
  ---
  duration_ms: 4.848
  type: 'test'
  ...
# Subtest: late receipt is observed without a second submission
ok 7 - late receipt is observed without a second submission
  ---
  duration_ms: 4.526
  type: 'test'
  ...
# Subtest: unknown acceptance remains uncertain at bounded deadline
ok 8 - unknown acceptance remains uncertain at bounded deadline
  ---
  duration_ms: 0.7505
  type: 'test'
  ...
# Subtest: observation disconnect propagates without retrying submission
ok 9 - observation disconnect propagates without retrying submission
  ---
  duration_ms: 2.0007
  type: 'test'
  ...
# Subtest: worker reuses its persisted canonical target after restart despite tab reorder
ok 10 - worker reuses its persisted canonical target after restart despite tab reorder
  ---
  duration_ms: 6.5984
  type: 'test'
  ...
# Subtest: another worker canonical target cannot be assigned to this worker
ok 11 - another worker canonical target cannot be assigned to this worker
  ---
  duration_ms: 2.6041
  type: 'test'
  ...
# Subtest: lost owned target creates fresh tab without borrowing another worker tab
ok 12 - lost owned target creates fresh tab without borrowing another worker tab
  ---
  duration_ms: 4.9115
  type: 'test'
  ...
1..12
# tests 12
# suites 0
# pass 12
# fail 0
# cancelled 0
# skipped 0
# todo 0
# duration_ms 361.9024
